// Jest Snapshot v1, https://goo.gl/fbAQLP

exports[`rendering components it should match with the snapshot 1`] = `
<App>
  <div
    className="bg-gradient-to-r from-mainColor to-secondColor"
  >
    <div
      className="flex flex-col items-center justify-center h-screen -rotate-2"
    >
      <div
        className="grid grid-cols-5 grid-rows-6"
      >
        <Bingo>
          <div
            className="border border-black p-2 sm:p-1 bg-white"
          >
            <div
              className="flex flex-col h-32 w-32 md:h-32 md:w-32 sm:w-14 sm:h-14 border-4 sm:border-2 border-black bg-black"
            >
              <header
                className="flex flex-col items-end "
              >
                <p
                  className="text-sm md:text-sm sm:text-xs lg:p-1 md:p-1 lg:mt-1 md:p-1 fixed"
                />
              </header>
              <div
                className="flex flex-row items-center justify-center cursor-pointer h-screen w-full px-2 "
              >
                <p
                  className="lg:text-base md:text-sm sm:text-xs text-white"
                >
                  B
                </p>
              </div>
            </div>
          </div>
          <div
            className="border border-black p-2 sm:p-1 bg-white"
          >
            <div
              className="flex flex-col h-32 w-32 md:h-32 md:w-32 sm:w-14 sm:h-14 border-4 sm:border-2 border-black bg-black"
            >
              <header
                className="flex flex-col items-end "
              >
                <p
                  className="text-sm md:text-sm sm:text-xs lg:p-1 md:p-1 lg:mt-1 md:p-1 fixed"
                />
              </header>
              <div
                className="flex flex-row items-center justify-center cursor-pointer h-screen w-full px-2 "
              >
                <p
                  className="lg:text-base md:text-sm sm:text-xs text-white"
                >
                  I
                </p>
              </div>
            </div>
          </div>
          <div
            className="border border-black p-2 sm:p-1 bg-white"
          >
            <div
              className="flex flex-col h-32 w-32 md:h-32 md:w-32 sm:w-14 sm:h-14 border-4 sm:border-2 border-black bg-black"
            >
              <header
                className="flex flex-col items-end "
              >
                <p
                  className="text-sm md:text-sm sm:text-xs lg:p-1 md:p-1 lg:mt-1 md:p-1 fixed"
                />
              </header>
              <div
                className="flex flex-row items-center justify-center cursor-pointer h-screen w-full px-2 "
              >
                <p
                  className="lg:text-base md:text-sm sm:text-xs text-white"
                >
                  N
                </p>
              </div>
            </div>
          </div>
          <div
            className="border border-black p-2 sm:p-1 bg-white"
          >
            <div
              className="flex flex-col h-32 w-32 md:h-32 md:w-32 sm:w-14 sm:h-14 border-4 sm:border-2 border-black bg-black"
            >
              <header
                className="flex flex-col items-end "
              >
                <p
                  className="text-sm md:text-sm sm:text-xs lg:p-1 md:p-1 lg:mt-1 md:p-1 fixed"
                />
              </header>
              <div
                className="flex flex-row items-center justify-center cursor-pointer h-screen w-full px-2 "
              >
                <p
                  className="lg:text-base md:text-sm sm:text-xs text-white"
                >
                  G
                </p>
              </div>
            </div>
          </div>
          <div
            className="border border-black p-2 sm:p-1 bg-white"
          >
            <div
              className="flex flex-col h-32 w-32 md:h-32 md:w-32 sm:w-14 sm:h-14 border-4 sm:border-2 border-black bg-black"
            >
              <header
                className="flex flex-col items-end "
              >
                <p
                  className="text-sm md:text-sm sm:text-xs lg:p-1 md:p-1 lg:mt-1 md:p-1 fixed"
                />
              </header>
              <div
                className="flex flex-row items-center justify-center cursor-pointer h-screen w-full px-2 "
              >
                <p
                  className="lg:text-base md:text-sm sm:text-xs text-white"
                >
                  O
                </p>
              </div>
            </div>
          </div>
        </Bingo>
        <div
          className="border border-black p-2 sm:p-1 bg-white"
          key="0"
        >
          <div
            className="flex flex-col h-32 w-32 md:h-32 md:w-32 sm:w-14 sm:h-14 false "
          >
            <header
              className="flex flex-col items-end"
            >
              <p
                className="text-sm md:text-sm sm:text-xs lg:p-1 md:p-1 lg:mt-1 md:p-1 fixed false"
              >
                0
              </p>
            </header>
            <div
              className="flex flex-row items-center justify-center cursor-pointer h-screen w-full px-2"
              onClick={[Function]}
            >
              <p
                className="lg:text-base md:text-sm sm:text-xs "
              >
                You will send the minutes?
              </p>
            </div>
          </div>
        </div>
        <div
          className="border border-black p-2 sm:p-1 bg-white"
          key="1"
        >
          <div
            className="flex flex-col h-32 w-32 md:h-32 md:w-32 sm:w-14 sm:h-14 false "
          >
            <header
              className="flex flex-col items-end"
            >
              <p
                className="text-sm md:text-sm sm:text-xs lg:p-1 md:p-1 lg:mt-1 md:p-1 fixed false"
              >
                1
              </p>
            </header>
            <div
              className="flex flex-row items-center justify-center cursor-pointer h-screen w-full px-2"
              onClick={[Function]}
            >
              <p
                className="lg:text-base md:text-sm sm:text-xs "
              >
                i'll have to get back to you
              </p>
            </div>
          </div>
        </div>
        <div
          className="border border-black p-2 sm:p-1 bg-white"
          key="2"
        >
          <div
            className="flex flex-col h-32 w-32 md:h-32 md:w-32 sm:w-14 sm:h-14 false "
          >
            <header
              className="flex flex-col items-end"
            >
              <p
                className="text-sm md:text-sm sm:text-xs lg:p-1 md:p-1 lg:mt-1 md:p-1 fixed false"
              >
                2
              </p>
            </header>
            <div
              className="flex flex-row items-center justify-center cursor-pointer h-screen w-full px-2"
              onClick={[Function]}
            >
              <p
                className="lg:text-base md:text-sm sm:text-xs "
              >
                can everyone go on mute
              </p>
            </div>
          </div>
        </div>
        <div
          className="border border-black p-2 sm:p-1 bg-white"
          key="3"
        >
          <div
            className="flex flex-col h-32 w-32 md:h-32 md:w-32 sm:w-14 sm:h-14 false "
          >
            <header
              className="flex flex-col items-end"
            >
              <p
                className="text-sm md:text-sm sm:text-xs lg:p-1 md:p-1 lg:mt-1 md:p-1 fixed false"
              >
                3
              </p>
            </header>
            <div
              className="flex flex-row items-center justify-center cursor-pointer h-screen w-full px-2"
              onClick={[Function]}
            >
              <p
                className="lg:text-base md:text-sm sm:text-xs "
              >
                can we take this offline?
              </p>
            </div>
          </div>
        </div>
        <div
          className="border border-black p-2 sm:p-1 bg-white"
          key="4"
        >
          <div
            className="flex flex-col h-32 w-32 md:h-32 md:w-32 sm:w-14 sm:h-14 false "
          >
            <header
              className="flex flex-col items-end"
            >
              <p
                className="text-sm md:text-sm sm:text-xs lg:p-1 md:p-1 lg:mt-1 md:p-1 fixed false"
              >
                4
              </p>
            </header>
            <div
              className="flex flex-row items-center justify-center cursor-pointer h-screen w-full px-2"
              onClick={[Function]}
            >
              <p
                className="lg:text-base md:text-sm sm:text-xs "
              >
                sorry, someting __ with my calendar
              </p>
            </div>
          </div>
        </div>
        <div
          className="border border-black p-2 sm:p-1 bg-white"
          key="5"
        >
          <div
            className="flex flex-col h-32 w-32 md:h-32 md:w-32 sm:w-14 sm:h-14 false "
          >
            <header
              className="flex flex-col items-end"
            >
              <p
                className="text-sm md:text-sm sm:text-xs lg:p-1 md:p-1 lg:mt-1 md:p-1 fixed false"
              >
                5
              </p>
            </header>
            <div
              className="flex flex-row items-center justify-center cursor-pointer h-screen w-full px-2"
              onClick={[Function]}
            >
              <p
                className="lg:text-base md:text-sm sm:text-xs "
              >
                sorry, i was on mute.
              </p>
            </div>
          </div>
        </div>
        <div
          className="border border-black p-2 sm:p-1 bg-white"
          key="6"
        >
          <div
            className="flex flex-col h-32 w-32 md:h-32 md:w-32 sm:w-14 sm:h-14 false "
          >
            <header
              className="flex flex-col items-end"
            >
              <p
                className="text-sm md:text-sm sm:text-xs lg:p-1 md:p-1 lg:mt-1 md:p-1 fixed false"
              >
                6
              </p>
            </header>
            <div
              className="flex flex-row items-center justify-center cursor-pointer h-screen w-full px-2"
              onClick={[Function]}
            >
              <p
                className="lg:text-base md:text-sm sm:text-xs "
              >
                did you ask something
              </p>
            </div>
          </div>
        </div>
        <div
          className="border border-black p-2 sm:p-1 bg-white"
          key="7"
        >
          <div
            className="flex flex-col h-32 w-32 md:h-32 md:w-32 sm:w-14 sm:h-14 false "
          >
            <header
              className="flex flex-col items-end"
            >
              <p
                className="text-sm md:text-sm sm:text-xs lg:p-1 md:p-1 lg:mt-1 md:p-1 fixed false"
              >
                7
              </p>
            </header>
            <div
              className="flex flex-row items-center justify-center cursor-pointer h-screen w-full px-2"
              onClick={[Function]}
            >
              <p
                className="lg:text-base md:text-sm sm:text-xs "
              >
                can you email that to everyone?
              </p>
            </div>
          </div>
        </div>
        <div
          className="border border-black p-2 sm:p-1 bg-white"
          key="8"
        >
          <div
            className="flex flex-col h-32 w-32 md:h-32 md:w-32 sm:w-14 sm:h-14 false "
          >
            <header
              className="flex flex-col items-end"
            >
              <p
                className="text-sm md:text-sm sm:text-xs lg:p-1 md:p-1 lg:mt-1 md:p-1 fixed false"
              >
                8
              </p>
            </header>
            <div
              className="flex flex-row items-center justify-center cursor-pointer h-screen w-full px-2"
              onClick={[Function]}
            >
              <p
                className="lg:text-base md:text-sm sm:text-xs "
              >
                (load painful echo / feedback)
              </p>
            </div>
          </div>
        </div>
        <div
          className="border border-black p-2 sm:p-1 bg-white"
          key="9"
        >
          <div
            className="flex flex-col h-32 w-32 md:h-32 md:w-32 sm:w-14 sm:h-14 false "
          >
            <header
              className="flex flex-col items-end"
            >
              <p
                className="text-sm md:text-sm sm:text-xs lg:p-1 md:p-1 lg:mt-1 md:p-1 fixed false"
              >
                9
              </p>
            </header>
            <div
              className="flex flex-row items-center justify-center cursor-pointer h-screen w-full px-2"
              onClick={[Function]}
            >
              <p
                className="lg:text-base md:text-sm sm:text-xs "
              >
                can somebody grant presenter rights?
              </p>
            </div>
          </div>
        </div>
        <div
          className="border border-black p-2 sm:p-1 bg-white"
          key="10"
        >
          <div
            className="flex flex-col h-32 w-32 md:h-32 md:w-32 sm:w-14 sm:h-14 false "
          >
            <header
              className="flex flex-col items-end"
            >
              <p
                className="text-sm md:text-sm sm:text-xs lg:p-1 md:p-1 lg:mt-1 md:p-1 fixed false"
              >
                10
              </p>
            </header>
            <div
              className="flex flex-row items-center justify-center cursor-pointer h-screen w-full px-2"
              onClick={[Function]}
            >
              <p
                className="lg:text-base md:text-sm sm:text-xs "
              >
                Hello, hello?
              </p>
            </div>
          </div>
        </div>
        <div
          className="border border-black p-2 sm:p-1 bg-white"
          key="11"
        >
          <div
            className="flex flex-col h-32 w-32 md:h-32 md:w-32 sm:w-14 sm:h-14 false "
          >
            <header
              className="flex flex-col items-end"
            >
              <p
                className="text-sm md:text-sm sm:text-xs lg:p-1 md:p-1 lg:mt-1 md:p-1 fixed false"
              >
                11
              </p>
            </header>
            <div
              className="flex flex-row items-center justify-center cursor-pointer h-screen w-full px-2"
              onClick={[Function]}
            >
              <p
                className="lg:text-base md:text-sm sm:text-xs "
              >
                who just joined?
              </p>
            </div>
          </div>
        </div>
        <div
          className="border border-black p-2 sm:p-1 bg-white"
          key="12"
        >
          <div
            className="flex flex-col h-32 w-32 md:h-32 md:w-32 sm:w-14 sm:h-14 border-4 sm:border-2 border-black rounded-full"
          >
            <header
              className="flex flex-col items-end "
            >
              <p
                className="text-sm md:text-sm sm:text-xs lg:p-1 md:p-1 lg:mt-1 md:p-1 fixed"
              />
            </header>
            <div
              className="flex flex-row items-center justify-center cursor-pointer h-screen w-full px-2 "
            >
              <p
                className="lg:text-base md:text-sm sm:text-xs"
              >
                CONF CALL 😷 BINGO
              </p>
            </div>
          </div>
        </div>
        <div
          className="border border-black p-2 sm:p-1 bg-white"
          key="13"
        >
          <div
            className="flex flex-col h-32 w-32 md:h-32 md:w-32 sm:w-14 sm:h-14 false "
          >
            <header
              className="flex flex-col items-end"
            >
              <p
                className="text-sm md:text-sm sm:text-xs lg:p-1 md:p-1 lg:mt-1 md:p-1 fixed false"
              >
                13
              </p>
            </header>
            <div
              className="flex flex-row items-center justify-center cursor-pointer h-screen w-full px-2"
              onClick={[Function]}
            >
              <p
                className="lg:text-base md:text-sm sm:text-xs "
              >
                (Child noises in the background)
              </p>
            </div>
          </div>
        </div>
        <div
          className="border border-black p-2 sm:p-1 bg-white"
          key="14"
        >
          <div
            className="flex flex-col h-32 w-32 md:h-32 md:w-32 sm:w-14 sm:h-14 false "
          >
            <header
              className="flex flex-col items-end"
            >
              <p
                className="text-sm md:text-sm sm:text-xs lg:p-1 md:p-1 lg:mt-1 md:p-1 fixed false"
              >
                14
              </p>
            </header>
            <div
              className="flex flex-row items-center justify-center cursor-pointer h-screen w-full px-2"
              onClick={[Function]}
            >
              <p
                className="lg:text-base md:text-sm sm:text-xs "
              >
                i was having connection issues
              </p>
            </div>
          </div>
        </div>
        <div
          className="border border-black p-2 sm:p-1 bg-white"
          key="15"
        >
          <div
            className="flex flex-col h-32 w-32 md:h-32 md:w-32 sm:w-14 sm:h-14 false "
          >
            <header
              className="flex flex-col items-end"
            >
              <p
                className="text-sm md:text-sm sm:text-xs lg:p-1 md:p-1 lg:mt-1 md:p-1 fixed false"
              >
                15
              </p>
            </header>
            <div
              className="flex flex-row items-center justify-center cursor-pointer h-screen w-full px-2"
              onClick={[Function]}
            >
              <p
                className="lg:text-base md:text-sm sm:text-xs "
              >
                can you repeat, please?
              </p>
            </div>
          </div>
        </div>
        <div
          className="border border-black p-2 sm:p-1 bg-white"
          key="16"
        >
          <div
            className="flex flex-col h-32 w-32 md:h-32 md:w-32 sm:w-14 sm:h-14 false "
          >
            <header
              className="flex flex-col items-end"
            >
              <p
                className="text-sm md:text-sm sm:text-xs lg:p-1 md:p-1 lg:mt-1 md:p-1 fixed false"
              >
                16
              </p>
            </header>
            <div
              className="flex flex-row items-center justify-center cursor-pointer h-screen w-full px-2"
              onClick={[Function]}
            >
              <p
                className="lg:text-base md:text-sm sm:text-xs "
              >
                do you see my screen?
              </p>
            </div>
          </div>
        </div>
        <div
          className="border border-black p-2 sm:p-1 bg-white"
          key="17"
        >
          <div
            className="flex flex-col h-32 w-32 md:h-32 md:w-32 sm:w-14 sm:h-14 false "
          >
            <header
              className="flex flex-col items-end"
            >
              <p
                className="text-sm md:text-sm sm:text-xs lg:p-1 md:p-1 lg:mt-1 md:p-1 fixed false"
              >
                17
              </p>
            </header>
            <div
              className="flex flex-row items-center justify-center cursor-pointer h-screen w-full px-2"
              onClick={[Function]}
            >
              <p
                className="lg:text-base md:text-sm sm:text-xs "
              >
                sorry, i had problems loging in
              </p>
            </div>
          </div>
        </div>
        <div
          className="border border-black p-2 sm:p-1 bg-white"
          key="18"
        >
          <div
            className="flex flex-col h-32 w-32 md:h-32 md:w-32 sm:w-14 sm:h-14 false "
          >
            <header
              className="flex flex-col items-end"
            >
              <p
                className="text-sm md:text-sm sm:text-xs lg:p-1 md:p-1 lg:mt-1 md:p-1 fixed false"
              >
                18
              </p>
            </header>
            <div
              className="flex flex-row items-center justify-center cursor-pointer h-screen w-full px-2"
              onClick={[Function]}
            >
              <p
                className="lg:text-base md:text-sm sm:text-xs "
              >
                i need to jump in another call
              </p>
            </div>
          </div>
        </div>
        <div
          className="border border-black p-2 sm:p-1 bg-white"
          key="19"
        >
          <div
            className="flex flex-col h-32 w-32 md:h-32 md:w-32 sm:w-14 sm:h-14 false "
          >
            <header
              className="flex flex-col items-end"
            >
              <p
                className="text-sm md:text-sm sm:text-xs lg:p-1 md:p-1 lg:mt-1 md:p-1 fixed false"
              >
                19
              </p>
            </header>
            <div
              className="flex flex-row items-center justify-center cursor-pointer h-screen w-full px-2"
              onClick={[Function]}
            >
              <p
                className="lg:text-base md:text-sm sm:text-xs "
              >
                lets wait for __!
              </p>
            </div>
          </div>
        </div>
        <div
          className="border border-black p-2 sm:p-1 bg-white"
          key="20"
        >
          <div
            className="flex flex-col h-32 w-32 md:h-32 md:w-32 sm:w-14 sm:h-14 false "
          >
            <header
              className="flex flex-col items-end"
            >
              <p
                className="text-sm md:text-sm sm:text-xs lg:p-1 md:p-1 lg:mt-1 md:p-1 fixed false"
              >
                20
              </p>
            </header>
            <div
              className="flex flex-row items-center justify-center cursor-pointer h-screen w-full px-2"
              onClick={[Function]}
            >
              <p
                className="lg:text-base md:text-sm sm:text-xs "
              >
                Next slide, please.
              </p>
            </div>
          </div>
        </div>
        <div
          className="border border-black p-2 sm:p-1 bg-white"
          key="21"
        >
          <div
            className="flex flex-col h-32 w-32 md:h-32 md:w-32 sm:w-14 sm:h-14 false "
          >
            <header
              className="flex flex-col items-end"
            >
              <p
                className="text-sm md:text-sm sm:text-xs lg:p-1 md:p-1 lg:mt-1 md:p-1 fixed false"
              >
                21
              </p>
            </header>
            <div
              className="flex flex-row items-center justify-center cursor-pointer h-screen w-full px-2"
              onClick={[Function]}
            >
              <p
                className="lg:text-base md:text-sm sm:text-xs "
              >
                is ___ on the call?
              </p>
            </div>
          </div>
        </div>
        <div
          className="border border-black p-2 sm:p-1 bg-white"
          key="22"
        >
          <div
            className="flex flex-col h-32 w-32 md:h-32 md:w-32 sm:w-14 sm:h-14 false "
          >
            <header
              className="flex flex-col items-end"
            >
              <p
                className="text-sm md:text-sm sm:text-xs lg:p-1 md:p-1 lg:mt-1 md:p-1 fixed false"
              >
                22
              </p>
            </header>
            <div
              className="flex flex-row items-center justify-center cursor-pointer h-screen w-full px-2"
              onClick={[Function]}
            >
              <p
                className="lg:text-base md:text-sm sm:text-xs "
              >
                sorry, i didn't found the conference id
              </p>
            </div>
          </div>
        </div>
        <div
          className="border border-black p-2 sm:p-1 bg-white"
          key="23"
        >
          <div
            className="flex flex-col h-32 w-32 md:h-32 md:w-32 sm:w-14 sm:h-14 false "
          >
            <header
              className="flex flex-col items-end"
            >
              <p
                className="text-sm md:text-sm sm:text-xs lg:p-1 md:p-1 lg:mt-1 md:p-1 fixed false"
              >
                23
              </p>
            </header>
            <div
              className="flex flex-row items-center justify-center cursor-pointer h-screen w-full px-2"
              onClick={[Function]}
            >
              <p
                className="lg:text-base md:text-sm sm:text-xs "
              >
                (animal noises in the background)
              </p>
            </div>
          </div>
        </div>
        <div
          className="border border-black p-2 sm:p-1 bg-white"
          key="24"
        >
          <div
            className="flex flex-col h-32 w-32 md:h-32 md:w-32 sm:w-14 sm:h-14 false "
          >
            <header
              className="flex flex-col items-end"
            >
              <p
                className="text-sm md:text-sm sm:text-xs lg:p-1 md:p-1 lg:mt-1 md:p-1 fixed false"
              >
                24
              </p>
            </header>
            <div
              className="flex flex-row items-center justify-center cursor-pointer h-screen w-full px-2"
              onClick={[Function]}
            >
              <p
                className="lg:text-base md:text-sm sm:text-xs "
              >
                Could you share this slides afterwards?
              </p>
            </div>
          </div>
        </div>
      </div>
    </div>
  </div>
</App>
`;
